Initializing embedded local Presidio and the bundled NLP model...
PRESIDIO FEED LISTENER DEMO
Input -> listener -> parser -> configured field actions -> anonymization -> serialization -> output
Input:   D:\Bala_Support\Projects\PresidioDemo\docs\input-feeds
Output:  D:\Bala_Support\Projects\PresidioDemo\docs\output-feeds
Failed:  D:\Bala_Support\Projects\PresidioDemo\docs\failed-feeds
Listening: ETKT         -> EtktWorkflow
Listening: PNR          -> PnrWorkflow
Listening: PNR-Linking  -> PnrLinkingWorkflow
Listening: Seats        -> SeatsWorkflow
Listening: ACI          -> AciWorkflow
Input formats: MQ export (.txt) and raw payload (.bin). JSON: Seats, PNR Linking. ACI: configured reference layout; general XDR requires producer definitions.
Field policies: D:\Bala_Support\Projects\PresidioDemo\src\config\feed-policies.xml
XDR layouts: D:\Bala_Support\Projects\PresidioDemo\src\config\xdr-layouts.xml | 0 producer schemas configured
Reference layouts: D:\Bala_Support\Projects\PresidioDemo\src\config\reference-layouts.xml | 1 restricted profiles configured
Scheduling: one active delivery per feed; shared local Presidio calls serialized per field.
READY - Press Ctrl+C or Enter to stop.
[12:33:53] ACI          RECEIVED   ACI.reference-v11.3a97ac081e4c4a0c900bdead5ee42ba2.txt | message 03af73442a644150b36de5c7c49386c8
[12:33:53] ACI          WORKFLOW   AciWorkflow
ACI          PARSED     Entire feed parsed | 1 ms
ACI          POLICY     Resolve configured field actions; NLP only for Analyze rules
ACI          FIELDS     23 total | 17 kept | 6 known | 0 analyzed | 8 ms (includes engine wait)
ACI          SERIALIZED Original format rebuilt and validated | 2 ms
[12:33:53] ACI          VALIDATED  Protected feed format
[12:33:53] ACI          PUBLISHED  ACI.reference-v11.3a97ac081e4c4a0c900bdead5ee42ba2.03af73442a644150b36de5c7c49386c8.txt
[12:33:53] ACI          CONSUMED   Input deleted
Listener stopped. Pending deliveries will resume next time.
