Initializing embedded local Presidio and the bundled NLP model...
PRESIDIO FEED LISTENER DEMO
Input -> listener -> parser -> configured field actions -> anonymization -> serialization -> output
Input:   D:\Bala_Support\Projects\PresidioDemo\docs\input-feeds
Output:  D:\Bala_Support\Projects\PresidioDemo\docs\output-feeds
Failed:  D:\Bala_Support\Projects\PresidioDemo\docs\failed-feeds
Listening: ETKT         -> EtktWorkflow
Listening: PNR          -> PnrWorkflow
Listening: PNR-Linking  -> PnrLinkingWorkflow
Listening: Seats        -> SeatsWorkflow
Listening: ACI          -> AciWorkflow
Input formats: MQ export (.txt) and raw payload (.bin). JSON: Seats, PNR Linking. ACI/ETKT: configured reference layouts; general XDR requires producer definitions.
Field policies: D:\Bala_Support\Projects\PresidioDemo\src\config\feed-policies.xml
XDR layouts: D:\Bala_Support\Projects\PresidioDemo\src\config\xdr-layouts.xml | 0 producer schemas configured
Reference layouts: D:\Bala_Support\Projects\PresidioDemo\src\config\reference-layouts.xml | 2 restricted profiles configured
Scheduling: one active delivery per feed; shared local Presidio calls serialized per field.
READY - Processing source-folder batch; press Ctrl+C to interrupt.
[12:46:09] PNR-Linking  RECEIVED   PNR-Linking.run-37bef14df3044a11be1d0b9927ee7aac-1.txt | message a15b463a462c4b1594d10666bc002490
[12:46:09] ETKT         RECEIVED   ETKT.run-37bef14df3044a11be1d0b9927ee7aac-4.txt | message b52362dd5eca4d7fa5c046b803f86a64
[12:46:09] ACI          RECEIVED   ACI.run-37bef14df3044a11be1d0b9927ee7aac-0.txt | message 76f3d45b18684a09832ccd9a97b0f793
[12:46:09] PNR          RECEIVED   PNR.run-37bef14df3044a11be1d0b9927ee7aac-2.txt | message 4cc63ce3d0574eefbe09bd429f87d400
[12:46:09] ACI          WORKFLOW   AciWorkflow
[12:46:09] ETKT         WORKFLOW   EtktWorkflow
[12:46:09] PNR          WORKFLOW   PnrWorkflow
[12:46:09] Seats        RECEIVED   Seats.run-37bef14df3044a11be1d0b9927ee7aac-3.txt | message b447a5ee75874052984ecd837374a809
[12:46:09] PNR-Linking  WORKFLOW   PnrLinkingWorkflow
[12:46:09] Seats        WORKFLOW   SeatsWorkflow
ACI          PARSED     Entire feed parsed | 1 ms
ETKT         PARSED     Entire feed parsed | 1 ms
ACI          POLICY     Resolve configured field actions; NLP only for Analyze rules
ETKT         POLICY     Resolve configured field actions; NLP only for Analyze rules
Seats        PARSED     Entire feed parsed | 4 ms
Seats        POLICY     Resolve configured field actions; NLP only for Analyze rules
[12:46:09] PNR          FAILED     PNR.run-37bef14df3044a11be1d0b9927ee7aac-2.4cc63ce3d0574eefbe09bd429f87d400.txt | XDR payload has 1523 bytes, not a multiple of four. Incomplete input or custom framing requires producer confirmation; no output was published.
[12:46:09] PNR          RETAINED   Input retained in processing; no successful output delivery.
[12:46:09] PNR-Linking  FAILED     PNR-Linking.run-37bef14df3044a11be1d0b9927ee7aac-1.a15b463a462c4b1594d10666bc002490.txt | Incomplete or malformed JSON payload at line 0, byte 1523; the complete message is retained without output.
[12:46:09] PNR-Linking  RETAINED   Input retained in processing; no successful output delivery.
ACI          FIELDS     23 total | 17 kept | 6 known | 0 analyzed | 16 ms (includes engine wait)
ETKT         FIELDS     9 total | 4 kept | 5 known | 0 analyzed | 16 ms (includes engine wait)
Seats        FIELDS     59 total | 30 kept | 29 known | 0 analyzed | 15 ms (includes engine wait)
ETKT         SERIALIZED Original format rebuilt and validated | 2 ms
ACI          SERIALIZED Original format rebuilt and validated | 2 ms
[12:46:09] ETKT         VALIDATED  Protected feed format
[12:46:09] ACI          VALIDATED  Protected feed format
[12:46:09] ETKT         PUBLISHED  ETKT.run-37bef14df3044a11be1d0b9927ee7aac-4.b52362dd5eca4d7fa5c046b803f86a64.txt
[12:46:09] ETKT         CONSUMED   Input deleted
[12:46:09] ACI          PUBLISHED  ACI.run-37bef14df3044a11be1d0b9927ee7aac-0.76f3d45b18684a09832ccd9a97b0f793.txt
[12:46:09] ACI          CONSUMED   Input deleted
Seats        SERIALIZED Original format rebuilt and validated | 17 ms
[12:46:09] Seats        VALIDATED  Protected feed format
[12:46:09] Seats        PUBLISHED  Seats.run-37bef14df3044a11be1d0b9927ee7aac-3.b447a5ee75874052984ecd837374a809.txt
[12:46:09] Seats        CONSUMED   Input deleted
BATCH ACI          Published ACI.txt
BATCH PNR-Linking  Rejected  PNR_LINKING.txt
BATCH PNR          Rejected  PNR.txt
BATCH Seats        Published SEATS.txt
BATCH ETKT         Published TKT.txt
Batch report: D:\Bala_Support\Projects\PresidioDemo\.runtime\docs\reports\feed-batch-37bef14df3044a11be1d0b9927ee7aac.json
Listener stopped. Pending deliveries will resume next time.
