PASS legacy working deliveries cannot be silently abandoned
PASS exchange folders stay clean; runtime paths isolate workspaces and enforce exclusive ownership across restarts
PASS unknown fields fail closed
PASS PNR protection override rejected
PASS incompatible identification and action rejected
PASS invalid detection threshold rejected
PASS zero masking count rejected
PASS duplicate field policies rejected
PASS tokenization action rejected
PASS unknown XML setting rejected
PASS unused detection setting rejected
PASS numeric identification alias rejected
PASS configuration rejects DTD and external entities
PASS JSON no-op serialization is byte-for-byte exact, including numeric spelling and whitespace
PASS serialization changes only selected string spans and preserves passenger grouping
PASS PNR mutation is rejected during validation
PASS non-string type mutation is rejected
PASS duplicate JSON keys reject the complete message
PASS trailing JSON content rejects the complete message
PASS truncated JSON rejects the complete message
PASS incorrect feed root is rejected
PASS unknown schema paths fail before anonymization
PASS JSON policy paths are case sensitive
PASS PNR aliases cannot be overridden in path policies
PASS MQ export no-op round trip preserves exact bytes and missing final newline
PASS MQ serialization retains headers, CRLF and final-newline style while payload grows
PASS JSON payload with an unsupported CCSID is rejected
PASS multiple MQ messages in one export are rejected
PASS malformed MQ hex is rejected
PASS finalized ACI.txt envelope decodes and round trips exactly
PASS finalized PNR.txt envelope decodes and round trips exactly
PASS finalized ETKT.txt envelope decodes and round trips exactly
PASS finalized SEATS.txt envelope decodes and round trips exactly
PASS finalized PNR_LINKING.txt envelope decodes and round trips exactly
PASS complete illustrative PNR Linking resolves exact configured paths and retains null values
PASS only the reviewed ACI and ETKT reference layouts are enabled
PASS ETKT reference has nine configured text fields and an exact MQ no-op round trip
PASS ETKT resolves five direct masks and four Keeps without NLP detection
PASS ETKT output changes only configured identifier bytes and preserves counts, padding, status and unknown binary data
PASS ETKT PNR remains unchanged
PASS ETKT serialization rejects PNR mutation
PASS ETKT rejects protection that changes a field's byte length
PASS ETKT rejects changed unclassified binary flags
PASS ACI reference MQ export has 23 configured fields and an exact no-op round trip
PASS ACI applies six configured masks and 17 Keeps without NLP detection
PASS ACI masks change only configured text bytes and preserve all binary framing and lengths
PASS both ACI PNR copies remain unchanged while the composite reference prefix is masked
PASS raw ACI BIN input preserves its original representation
PASS ACI field configuration accepts different same-length values without matching literal names
PASS ACI rejects length-changing replacement before publication
PASS ACI reference rejects redaction that would change frame lengths
PASS ACI rejects non-ASCII replacement
PASS ACI serializer refuses PNR mutation
PASS ACI serialization requires every configured field
PASS ACI serialization rejects unconfigured extra fields
PASS ACI rejects unaligned truncation
PASS ACI rejects aligned truncation
PASS ACI rejects trailing binary bytes
PASS ACI reference codec rejects the wrong feed route
PASS ACI rejects changed version bytes outside configured text
PASS ACI rejects changed unclassified count bytes outside configured text
PASS ACI rejects changed string count bytes outside configured text
PASS ACI rejects changed string padding bytes outside configured text
PASS ACI rejects non-ASCII input text
PASS ACI rejects inconsistent PNR copies
PASS ACI validation rejects changes to MQ metadata
PASS the listener registry selects the explicitly configured ACI reference codec
PASS a real configured producer schema takes precedence over the restricted reference profile
PASS ACI configuration verifies the original reference checksum
PASS ACI configuration rejects unknown attributes
PASS ACI configuration checks counted-string lengths
PASS ACI configuration rejects overlapping text spans
PASS ACI configuration rejects invalid offsets
PASS ACI configuration requires complete coverage of split strings
PASS ACI configuration rejects duplicate field paths
PASS ACI reference configuration rejects DTD and external entities
PASS production XDR layouts remain explicitly unconfigured rather than guessed
PASS schema-driven XDR round trip preserves integers, NaN bits, opaque bytes, arrays, optional and union fields exactly
PASS XDR changing string lengths recalculates counts and zero padding without shifting logical passenger associations
PASS XDR PNR mutation is rejected
PASS unsupported non-string protection rejects instead of publishing raw values
PASS non-ASCII XDR replacement is rejected by explicit ASCII string schema
PASS XDR replacement exceeding declared maximum is rejected
PASS unaligned XDR truncation rejects complete message
PASS aligned XDR truncation is detected while consuming schema
PASS XDR trailing bytes are rejected
PASS nonzero XDR string padding is rejected
PASS oversized XDR array count is rejected
PASS XDR expected version constant is enforced
PASS XDR XML loader accepts explicit nested schema with bounds and version constant
PASS XDR XML rejects invalid collection maximum
PASS XDR XML rejects duplicate schema names
PASS XDR XML rejects unknown settings
PASS XDR configuration rejects DTD and external entities
ACI          FIELDS     5 total | 1 kept | 3 known | 1 analyzed | 39 ms (includes engine wait)
PASS real Presidio applies configured Keep, Replace, Mask, Redact and targeted Analyze policies
PASS missing policy retains input before any protection
ACI          PARSED     Entire feed parsed | 0 ms
ACI          POLICY     Resolve configured field actions; NLP only for Analyze rules
ACI          FIELDS     16 total | 10 kept | 6 known | 0 analyzed | 2 ms (includes engine wait)
ACI          SERIALIZED Original format rebuilt and validated | 0 ms
PASS ACI workflow applies actual local Presidio and XDR serialization using a clearly test-only schema
PNR          PARSED     Entire feed parsed | 0 ms
PNR          POLICY     Resolve configured field actions; NLP only for Analyze rules
PNR          FIELDS     16 total | 10 kept | 6 known | 0 analyzed | 0 ms (includes engine wait)
PNR          SERIALIZED Original format rebuilt and validated | 0 ms
PASS PNR workflow applies actual local Presidio and XDR serialization using a clearly test-only schema
ETKT         PARSED     Entire feed parsed | 0 ms
ETKT         POLICY     Resolve configured field actions; NLP only for Analyze rules
ETKT         FIELDS     16 total | 10 kept | 6 known | 0 analyzed | 0 ms (includes engine wait)
ETKT         SERIALIZED Original format rebuilt and validated | 0 ms
PASS ETKT workflow applies actual local Presidio and XDR serialization using a clearly test-only schema
PASS test-only binary fixture round trips without edits
[12:45:46] ACI          RECEIVED   slow.bin | message 6922909ae0aa42748df40204f01432d1
[12:45:46] ACI          WORKFLOW   AciWorkflow
[12:45:47] Seats        RECEIVED   fast.bin | message 4d34a6e9d312464e80bbe98059da835a
[12:45:47] Seats        WORKFLOW   SeatsWorkflow
Seats        PARSED     Entire feed parsed | 0 ms
Seats        POLICY     Resolve configured field actions; NLP only for Analyze rules
Seats        FIELDS     7 total | 1 kept | 6 known | 0 analyzed | 0 ms (includes engine wait)
Seats        SERIALIZED Original format rebuilt and validated | 0 ms
[12:45:47] Seats        VALIDATED  Protected feed format
[12:45:47] Seats        PUBLISHED  fast.4d34a6e9d312464e80bbe98059da835a.bin
[12:45:47] Seats        CONSUMED   Input deleted
PASS fast feed delivers while another feed is blocked; only one active delivery per feed
ACI          PARSED     Entire feed parsed | 1156 ms
ACI          POLICY     Resolve configured field actions; NLP only for Analyze rules
PASS shutdown drains active work before Python disposal and retains interrupted input
[12:45:48] ACI          RECEIVED   fixture.bin | message 264f5059a13d4251bb6a57a632f95c3e
[12:45:48] ACI          WORKFLOW   AciWorkflow
ACI          PARSED     Entire feed parsed | 0 ms
ACI          POLICY     Resolve configured field actions; NLP only for Analyze rules
ACI          FIELDS     7 total | 1 kept | 6 known | 0 analyzed | 1 ms (includes engine wait)
ACI          SERIALIZED Original format rebuilt and validated | 0 ms
[12:45:48] ACI          VALIDATED  Protected feed format
[12:45:48] ACI          PUBLISHED  fixture.264f5059a13d4251bb6a57a632f95c3e.bin
[12:45:48] ACI          CONSUMED   Input deleted
PASS actual embedded Presidio anonymizes two passengers before binary rebuilding and delivery
PASS successful output delivery deletes the working input
[12:45:49] ACI          RECEIVED   unknown.bin | message e15b49e966774be593d1067be36e1c69
[12:45:49] ACI          WORKFLOW   AciWorkflow
ACI          PARSED     Entire feed parsed | 0 ms
ACI          POLICY     Resolve configured field actions; NLP only for Analyze rules
[12:45:49] ACI          FAILED     unknown.e15b49e966774be593d1067be36e1c69.bin | The feed codec returned a field without a configured protection policy.
[12:45:49] ACI          RETAINED   Input retained in processing; no successful output delivery.
PASS unconfigured field rejects entire delivery without output or input deletion
[12:45:50] ACI          RECEIVED   trailing.bin | message b32068b7c4124edea183022a039a4d07
[12:45:50] ACI          WORKFLOW   AciWorkflow
[12:45:50] ACI          FAILED     trailing.b32068b7c4124edea183022a039a4d07.bin | Test-only fixture has trailing bytes.
[12:45:50] ACI          RETAINED   Input retained in processing; no successful output delivery.
PASS entire-file parsing rejects trailing bytes and retains the failed input
