Initializing embedded local Presidio and the bundled NLP model...
PRESIDIO FEED LISTENER DEMO
Input -> listener -> parser -> configured field actions -> anonymization -> serialization -> output
Input:   D:\Bala_Support\Projects\PresidioDemo\.test-runs\linking-review-zismxevx\docs\input-feeds
Output:  D:\Bala_Support\Projects\PresidioDemo\.test-runs\linking-review-zismxevx\docs\output-feeds
Failed:  D:\Bala_Support\Projects\PresidioDemo\.test-runs\linking-review-zismxevx\docs\failed-feeds
Listening: ETKT         -> EtktWorkflow
Listening: PNR          -> PnrWorkflow
Listening: PNR-Linking  -> PnrLinkingWorkflow
Listening: Seats        -> SeatsWorkflow
Listening: ACI          -> AciWorkflow
Input formats: MQ export (.txt) and raw payload (.bin). JSON: Seats, PNR Linking. ACI/ETKT: configured reference layouts; general XDR requires producer definitions.
Field policies: D:\Bala_Support\Projects\PresidioDemo\src\config\feed-policies.xml
XDR layouts: D:\Bala_Support\Projects\PresidioDemo\src\config\xdr-layouts.xml | 0 producer schemas configured
Reference layouts: D:\Bala_Support\Projects\PresidioDemo\src\config\reference-layouts.xml | 2 restricted profiles configured
Scheduling: one active delivery per feed; shared local Presidio calls serialized per field.
READY - Processing source-folder batch; press Ctrl+C to interrupt.
[12:47:42] PNR-Linking  RECEIVED   PNR-Linking.run-41c5972cac224749a063af1beb453309-0.txt | message d6ee8cfc48ed42e791243c39c20ace28
[12:47:42] PNR-Linking  WORKFLOW   PnrLinkingWorkflow
PNR-Linking  PARSED     Entire feed parsed | 6 ms
PNR-Linking  POLICY     Resolve configured field actions; NLP only for Analyze rules
PNR-Linking  FIELDS     22 total | 7 kept | 15 known | 0 analyzed | 11 ms (includes engine wait)
PNR-Linking  SERIALIZED Original format rebuilt and validated | 17 ms
[12:47:42] PNR-Linking  VALIDATED  Protected feed format
[12:47:42] PNR-Linking  PUBLISHED  PNR-Linking.run-41c5972cac224749a063af1beb453309-0.d6ee8cfc48ed42e791243c39c20ace28.txt
[12:47:42] PNR-Linking  CONSUMED   Input deleted
BATCH PNR-Linking  Published PNR_LINKING.txt
Batch report: D:\Bala_Support\Projects\PresidioDemo\.test-runs\linking-review-zismxevx\.runtime\docs\reports\feed-batch-41c5972cac224749a063af1beb453309.json
Listener stopped. Pending deliveries will resume next time.
