PASS legacy working deliveries cannot be silently abandoned
PASS exchange folders stay clean; runtime paths isolate workspaces and enforce exclusive ownership across restarts
PASS unknown fields fail closed
PASS PNR protection override rejected
PASS incompatible identification and action rejected
PASS invalid detection threshold rejected
PASS zero masking count rejected
PASS duplicate field policies rejected
PASS tokenization action rejected
PASS unknown XML setting rejected
PASS unused detection setting rejected
PASS numeric identification alias rejected
PASS configuration rejects DTD and external entities
PASS JSON no-op serialization is byte-for-byte exact, including numeric spelling and whitespace
PASS serialization changes only selected string spans and preserves passenger grouping
PASS PNR mutation is rejected during validation
PASS non-string type mutation is rejected
PASS duplicate JSON keys reject the complete message
PASS trailing JSON content rejects the complete message
PASS truncated JSON rejects the complete message
PASS incorrect feed root is rejected
PASS unknown schema paths fail before anonymization
PASS JSON policy paths are case sensitive
PASS PNR aliases cannot be overridden in path policies
PASS MQ export no-op round trip preserves exact bytes and missing final newline
PASS MQ serialization retains headers, CRLF and final-newline style while payload grows
PASS JSON payload with an unsupported CCSID is rejected
PASS multiple MQ messages in one export are rejected
PASS malformed MQ hex is rejected
PASS finalized ACI.txt envelope decodes and round trips exactly
PASS finalized PNR.txt envelope decodes and round trips exactly
PASS finalized ETKT.txt envelope decodes and round trips exactly
PASS finalized SEATS.txt envelope decodes and round trips exactly
PASS finalized PNR_LINKING.txt envelope decodes and round trips exactly
PASS complete illustrative PNR Linking resolves exact configured paths and retains null values
PASS production XDR layouts remain explicitly unconfigured rather than guessed
PASS schema-driven XDR round trip preserves integers, NaN bits, opaque bytes, arrays, optional and union fields exactly
PASS XDR changing string lengths recalculates counts and zero padding without shifting logical passenger associations
PASS XDR PNR mutation is rejected
PASS unsupported non-string protection rejects instead of publishing raw values
PASS non-ASCII XDR replacement is rejected by explicit ASCII string schema
PASS XDR replacement exceeding declared maximum is rejected
PASS unaligned XDR truncation rejects complete message
PASS aligned XDR truncation is detected while consuming schema
PASS XDR trailing bytes are rejected
PASS nonzero XDR string padding is rejected
PASS oversized XDR array count is rejected
PASS XDR expected version constant is enforced
PASS XDR XML loader accepts explicit nested schema with bounds and version constant
PASS XDR XML rejects invalid collection maximum
PASS XDR XML rejects duplicate schema names
PASS XDR XML rejects unknown settings
PASS XDR configuration rejects DTD and external entities
ACI          FIELDS     5 total | 1 kept | 3 known | 1 analyzed | 40 ms (includes engine wait)
PASS real Presidio applies configured Keep, Replace, Mask, Redact and targeted Analyze policies
PASS missing policy retains input before any protection
ACI          PARSED     Entire feed parsed | 0 ms
ACI          IDENTIFY   Resolve exact configured PII fields and local detection rules
ACI          FIELDS     16 total | 10 kept | 6 known | 0 analyzed | 2 ms (includes engine wait)
ACI          SERIALIZED Original format rebuilt and validated | 0 ms
PASS ACI workflow applies actual local Presidio and XDR serialization using a clearly test-only schema
PNR          PARSED     Entire feed parsed | 0 ms
PNR          IDENTIFY   Resolve exact configured PII fields and local detection rules
PNR          FIELDS     16 total | 10 kept | 6 known | 0 analyzed | 0 ms (includes engine wait)
PNR          SERIALIZED Original format rebuilt and validated | 0 ms
PASS PNR workflow applies actual local Presidio and XDR serialization using a clearly test-only schema
ETKT         PARSED     Entire feed parsed | 0 ms
ETKT         IDENTIFY   Resolve exact configured PII fields and local detection rules
ETKT         FIELDS     16 total | 10 kept | 6 known | 0 analyzed | 0 ms (includes engine wait)
ETKT         SERIALIZED Original format rebuilt and validated | 0 ms
PASS ETKT workflow applies actual local Presidio and XDR serialization using a clearly test-only schema
PASS test-only binary fixture round trips without edits
[12:07:27] ACI          RECEIVED   slow.bin | message c048d6fd92c64f50be7c39c5f6a038a5
[12:07:27] ACI          WORKFLOW   AciWorkflow
[12:07:28] Seats        RECEIVED   fast.bin | message fe82672151894c19a18f0232715b454e
[12:07:28] Seats        WORKFLOW   SeatsWorkflow
Seats        PARSED     Entire feed parsed | 0 ms
Seats        IDENTIFY   Resolve exact configured PII fields and local detection rules
Seats        FIELDS     7 total | 1 kept | 6 known | 0 analyzed | 0 ms (includes engine wait)
Seats        SERIALIZED Original format rebuilt and validated | 0 ms
[12:07:28] Seats        VALIDATED  Protected feed format
[12:07:28] Seats        PUBLISHED  fast.fe82672151894c19a18f0232715b454e.bin
[12:07:28] Seats        CONSUMED   Input deleted
PASS fast feed delivers while another feed is blocked; only one active delivery per feed
ACI          PARSED     Entire feed parsed | 1221 ms
ACI          IDENTIFY   Resolve exact configured PII fields and local detection rules
PASS shutdown drains active work before Python disposal and retains interrupted input
[12:07:30] ACI          RECEIVED   fixture.bin | message 9c96f46567cd41f8a52555d1a7e14f9e
[12:07:30] ACI          WORKFLOW   AciWorkflow
ACI          PARSED     Entire feed parsed | 0 ms
ACI          IDENTIFY   Resolve exact configured PII fields and local detection rules
ACI          FIELDS     7 total | 1 kept | 6 known | 0 analyzed | 3 ms (includes engine wait)
ACI          SERIALIZED Original format rebuilt and validated | 0 ms
[12:07:30] ACI          VALIDATED  Protected feed format
[12:07:30] ACI          PUBLISHED  fixture.9c96f46567cd41f8a52555d1a7e14f9e.bin
[12:07:30] ACI          CONSUMED   Input deleted
PASS actual embedded Presidio anonymizes two passengers before binary rebuilding and delivery
PASS successful output delivery deletes the working input
[12:07:31] ACI          RECEIVED   unknown.bin | message 4a98c76d646b4ccfae9ca5b174a955b4
[12:07:31] ACI          WORKFLOW   AciWorkflow
ACI          PARSED     Entire feed parsed | 0 ms
ACI          IDENTIFY   Resolve exact configured PII fields and local detection rules
[12:07:31] ACI          FAILED     unknown.4a98c76d646b4ccfae9ca5b174a955b4.bin | The feed codec returned a field without a configured protection policy.
[12:07:31] ACI          RETAINED   Input retained in processing; no successful output delivery.
PASS unconfigured field rejects entire delivery without output or input deletion
[12:07:32] ACI          RECEIVED   trailing.bin | message 970a26d5ae404b759fa29fd293a749c0
[12:07:32] ACI          WORKFLOW   AciWorkflow
[12:07:32] ACI          FAILED     trailing.970a26d5ae404b759fa29fd293a749c0.bin | Test-only fixture has trailing bytes.
[12:07:32] ACI          RETAINED   Input retained in processing; no successful output delivery.
PASS entire-file parsing rejects trailing bytes and retains the failed input
